// Jest Snapshot v1, https://goo.gl/fbAQLP

exports[`View Book Page should compile 1`] = `
<app-view-book-page
  actionsSubscription={[Function Subscriber]}
>
  <app-selected-book-page>
    <app-book-detail>

    </app-book-detail>
  </app-selected-book-page>
</app-view-book-page>
`;
